2026-06-29 08:16:50,924	INFO utils.py:307 -- Get all modules by type: DashboardHeadModule
2026-06-29 08:16:51,211	INFO utils.py:340 -- Available modules: [<class 'ray.dashboard.modules.usage_stats.usage_stats_head.UsageStatsHead'>]
2026-06-29 08:16:51,211	INFO head.py:235 -- DashboardHeadModules to load: None.
2026-06-29 08:16:51,211	INFO head.py:238 -- Loading DashboardHeadModule: <class 'ray.dashboard.modules.usage_stats.usage_stats_head.UsageStatsHead'>.
2026-06-29 08:16:51,211	INFO head.py:242 -- Loaded 1 dashboard head modules: [<ray.dashboard.modules.usage_stats.usage_stats_head.UsageStatsHead object at 0xffff92771310>].
2026-06-29 08:16:51,211	INFO utils.py:307 -- Get all modules by type: SubprocessModule
2026-06-29 08:16:51,212	INFO utils.py:340 -- Available modules: [<class 'ray.dashboard.modules.metrics.metrics_head.MetricsHead'>, <class 'ray.dashboard.modules.data.data_head.DataHead'>, <class 'ray.dashboard.modules.event.event_head.EventHead'>, <class 'ray.dashboard.modules.job.job_head.JobHead'>, <class 'ray.dashboard.modules.node.node_head.NodeHead'>, <class 'ray.dashboard.modules.reporter.reporter_head.ReportHead'>, <class 'ray.dashboard.modules.serve.serve_head.ServeHead'>, <class 'ray.dashboard.modules.state.state_head.StateHead'>, <class 'ray.dashboard.modules.train.train_head.TrainHead'>]
2026-06-29 08:16:51,212	INFO head.py:292 -- Loading SubprocessModule: <class 'ray.dashboard.modules.metrics.metrics_head.MetricsHead'>.
2026-06-29 08:16:51,212	INFO head.py:292 -- Loading SubprocessModule: <class 'ray.dashboard.modules.data.data_head.DataHead'>.
2026-06-29 08:16:51,212	INFO head.py:292 -- Loading SubprocessModule: <class 'ray.dashboard.modules.event.event_head.EventHead'>.
2026-06-29 08:16:51,212	INFO head.py:292 -- Loading SubprocessModule: <class 'ray.dashboard.modules.job.job_head.JobHead'>.
2026-06-29 08:16:51,212	INFO head.py:292 -- Loading SubprocessModule: <class 'ray.dashboard.modules.node.node_head.NodeHead'>.
2026-06-29 08:16:51,212	INFO head.py:292 -- Loading SubprocessModule: <class 'ray.dashboard.modules.reporter.reporter_head.ReportHead'>.
2026-06-29 08:16:51,212	INFO head.py:292 -- Loading SubprocessModule: <class 'ray.dashboard.modules.serve.serve_head.ServeHead'>.
2026-06-29 08:16:51,212	INFO head.py:292 -- Loading SubprocessModule: <class 'ray.dashboard.modules.state.state_head.StateHead'>.
2026-06-29 08:16:51,212	INFO head.py:292 -- Loading SubprocessModule: <class 'ray.dashboard.modules.train.train_head.TrainHead'>.
2026-06-29 08:16:51,212	INFO head.py:296 -- Loaded 9 subprocess modules: [<ray.dashboard.subprocesses.handle.SubprocessModuleHandle object at 0xffff7d7705c0>, <ray.dashboard.subprocesses.handle.SubprocessModuleHandle object at 0xffff7d7d5cd0>, <ray.dashboard.subprocesses.handle.SubprocessModuleHandle object at 0xffff7d796660>, <ray.dashboard.subprocesses.handle.SubprocessModuleHandle object at 0xffff7d796690>, <ray.dashboard.subprocesses.handle.SubprocessModuleHandle object at 0xffff845d5fd0>, <ray.dashboard.subprocesses.handle.SubprocessModuleHandle object at 0xffff845d6090>, <ray.dashboard.subprocesses.handle.SubprocessModuleHandle object at 0xffff845d6030>, <ray.dashboard.subprocesses.handle.SubprocessModuleHandle object at 0xffff84522f60>, <ray.dashboard.subprocesses.handle.SubprocessModuleHandle object at 0xffff84522ab0>].
2026-06-29 08:16:52,961	INFO head.py:311 -- Starting dashboard metrics server on port 44227
2026-06-29 08:16:52,962	INFO head.py:435 -- Initialize the http server.
2026-06-29 08:16:52,965	INFO http_server_head.py:111 -- Setup static dir for dashboard: /usr/local/lib/python3.12/site-packages/ray/dashboard/client/build
2026-06-29 08:16:52,968	WARNING __init__.py:161 -- DeprecationWarning: `ray.ray_constants.DASHBOARD_CLIENT_MAX_SIZE` is a private attribute and access will be removed in a future Ray version.
2026-06-29 08:16:52,975	INFO http_server_head.py:435 -- Dashboard head http address: 172.19.0.4:8265
2026-06-29 08:16:52,975	INFO http_server_head.py:442 -- <ResourceRoute [GET] <PlainResource  /usage_stats_enabled> -> <function UsageStatsHead.get_usage_stats_enabled at 0xffff7cd528e0>
2026-06-29 08:16:52,975	INFO http_server_head.py:442 -- <ResourceRoute [GET] <PlainResource  /cluster_id> -> <function UsageStatsHead.get_cluster_id at 0xffff7cd52a20>
2026-06-29 08:16:52,975	INFO http_server_head.py:442 -- <ResourceRoute [GET] <PlainResource  /> -> <function HttpServerDashboardHead.get_index at 0xffff7cd75da0>
2026-06-29 08:16:52,975	INFO http_server_head.py:442 -- <ResourceRoute [GET] <PlainResource  /favicon.ico> -> <function HttpServerDashboardHead.get_favicon at 0xffff7cd75ee0>
2026-06-29 08:16:52,975	INFO http_server_head.py:442 -- <ResourceRoute [GET] <PlainResource  /timezone> -> <function HttpServerDashboardHead.get_timezone at 0xffff7cd76020>
2026-06-29 08:16:52,975	INFO http_server_head.py:442 -- <ResourceRoute [GET] <PlainResource  /api/authentication_mode> -> <function HttpServerDashboardHead.get_authentication_mode at 0xffff7cd76160>
2026-06-29 08:16:52,976	INFO http_server_head.py:442 -- <ResourceRoute [POST] <PlainResource  /api/authenticate> -> <function HttpServerDashboardHead.authenticate at 0xffff7cd762a0>
2026-06-29 08:16:52,976	INFO http_server_head.py:442 -- <ResourceRoute [GET] <StaticResource  /static -> PosixPath('/usr/local/lib/python3.12/site-packages/ray/dashboard/client/build/static')> -> <bound method StaticResource._handle of <StaticResource  /static -> PosixPath('/usr/local/lib/python3.12/site-packages/ray/dashboard/client/build/static')>>
2026-06-29 08:16:52,976	INFO http_server_head.py:442 -- <ResourceRoute [GET] <PlainResource  /api/grafana_health> -> <function SubprocessRouteTable._register_route.<locals>._wrapper.<locals>.parent_side_handler at 0xffff7db358a0>
2026-06-29 08:16:52,976	INFO http_server_head.py:442 -- <ResourceRoute [GET] <PlainResource  /api/prometheus_health> -> <function SubprocessRouteTable._register_route.<locals>._wrapper.<locals>.parent_side_handler at 0xffff7db359e0>
2026-06-29 08:16:52,976	INFO http_server_head.py:442 -- <ResourceRoute [GET] <DynamicResource  /api/data/datasets/{job_id}> -> <function SubprocessRouteTable._register_route.<locals>._wrapper.<locals>.parent_side_handler at 0xffff7db35da0>
2026-06-29 08:16:52,976	INFO http_server_head.py:442 -- <ResourceRoute [POST] <PlainResource  /report_events> -> <function SubprocessRouteTable._register_route.<locals>._wrapper.<locals>.parent_side_handler at 0xffff7d744040>
2026-06-29 08:16:52,976	INFO http_server_head.py:442 -- <ResourceRoute [GET] <PlainResource  /events> -> <function SubprocessRouteTable._register_route.<locals>._wrapper.<locals>.parent_side_handler at 0xffff7d744220>
2026-06-29 08:16:52,976	INFO http_server_head.py:442 -- <ResourceRoute [GET] <PlainResource  /api/v0/cluster_events> -> <function SubprocessRouteTable._register_route.<locals>._wrapper.<locals>.parent_side_handler at 0xffff7d7444a0>
2026-06-29 08:16:52,976	INFO http_server_head.py:442 -- <ResourceRoute [GET] <PlainResource  /api/version> -> <function SubprocessRouteTable._register_route.<locals>._wrapper.<locals>.parent_side_handler at 0xffff7d7c2c00>
2026-06-29 08:16:52,976	INFO http_server_head.py:442 -- <ResourceRoute [GET] <DynamicResource  /api/packages/{protocol}/{package_name}> -> <function SubprocessRouteTable._register_route.<locals>._wrapper.<locals>.parent_side_handler at 0xffff7d7c2de0>
2026-06-29 08:16:52,976	INFO http_server_head.py:442 -- <ResourceRoute [PUT] <DynamicResource  /api/packages/{protocol}/{package_name}> -> <function SubprocessRouteTable._register_route.<locals>._wrapper.<locals>.parent_side_handler at 0xffff7d7c3060>
2026-06-29 08:16:52,976	INFO http_server_head.py:442 -- <ResourceRoute [POST] <PlainResource  /api/jobs/> -> <function SubprocessRouteTable._register_route.<locals>._wrapper.<locals>.parent_side_handler at 0xffff7d7c3240>
2026-06-29 08:16:52,976	INFO http_server_head.py:442 -- <ResourceRoute [POST] <DynamicResource  /api/jobs/{job_or_submission_id}/stop> -> <function SubprocessRouteTable._register_route.<locals>._wrapper.<locals>.parent_side_handler at 0xffff7d7c3380>
2026-06-29 08:16:52,976	INFO http_server_head.py:442 -- <ResourceRoute [DELETE] <DynamicResource  /api/jobs/{job_or_submission_id}> -> <function SubprocessRouteTable._register_route.<locals>._wrapper.<locals>.parent_side_handler at 0xffff7d7c34c0>
2026-06-29 08:16:52,976	INFO http_server_head.py:442 -- <ResourceRoute [GET] <DynamicResource  /api/jobs/{job_or_submission_id}> -> <function SubprocessRouteTable._register_route.<locals>._wrapper.<locals>.parent_side_handler at 0xffff7d7c3600>
2026-06-29 08:16:52,976	INFO http_server_head.py:442 -- <ResourceRoute [GET] <PlainResource  /api/jobs/> -> <function SubprocessRouteTable._register_route.<locals>._wrapper.<locals>.parent_side_handler at 0xffff7d7c3740>
2026-06-29 08:16:52,976	INFO http_server_head.py:442 -- <ResourceRoute [GET] <DynamicResource  /api/jobs/{job_or_submission_id}/logs> -> <function SubprocessRouteTable._register_route.<locals>._wrapper.<locals>.parent_side_handler at 0xffff7d7c3880>
2026-06-29 08:16:52,976	INFO http_server_head.py:442 -- <ResourceRoute [GET] <DynamicResource  /api/jobs/{job_or_submission_id}/logs/tail> -> <function SubprocessRouteTable._register_route.<locals>._wrapper.<locals>.parent_side_handler at 0xffff7d7c39c0>
2026-06-29 08:16:52,976	INFO http_server_head.py:442 -- <ResourceRoute [GET] <PlainResource  /api/component_activities> -> <function SubprocessRouteTable._register_route.<locals>._wrapper.<locals>.parent_side_handler at 0xffff7d7c3ba0>
2026-06-29 08:16:52,976	INFO http_server_head.py:442 -- <ResourceRoute [GET] <PlainResource  /nodes> -> <function SubprocessRouteTable._register_route.<locals>._wrapper.<locals>.parent_side_handler at 0xffff7d6c0fe0>
2026-06-29 08:16:52,977	INFO http_server_head.py:442 -- <ResourceRoute [GET] <DynamicResource  /nodes/{node_id}> -> <function SubprocessRouteTable._register_route.<locals>._wrapper.<locals>.parent_side_handler at 0xffff7d6c11c0>
2026-06-29 08:16:52,977	INFO http_server_head.py:442 -- <ResourceRoute [GET] <PlainResource  /logical/actors> -> <function SubprocessRouteTable._register_route.<locals>._wrapper.<locals>.parent_side_handler at 0xffff7d6c18a0>
2026-06-29 08:16:52,977	INFO http_server_head.py:442 -- <ResourceRoute [GET] <DynamicResource  /logical/actors/{actor_id}> -> <function SubprocessRouteTable._register_route.<locals>._wrapper.<locals>.parent_side_handler at 0xffff7d6c1a80>
2026-06-29 08:16:52,977	INFO http_server_head.py:442 -- <ResourceRoute [GET] <PlainResource  /test/dump> -> <function SubprocessRouteTable._register_route.<locals>._wrapper.<locals>.parent_side_handler at 0xffff7d6c1c60>
2026-06-29 08:16:52,977	INFO http_server_head.py:442 -- <ResourceRoute [GET] <PlainResource  /api/v0/cluster_metadata> -> <function SubprocessRouteTable._register_route.<locals>._wrapper.<locals>.parent_side_handler at 0xffff7cd3ccc0>
2026-06-29 08:16:52,977	INFO http_server_head.py:442 -- <ResourceRoute [GET] <PlainResource  /api/cluster_status> -> <function SubprocessRouteTable._register_route.<locals>._wrapper.<locals>.parent_side_handler at 0xffff7cd3ce00>
2026-06-29 08:16:52,977	INFO http_server_head.py:442 -- <ResourceRoute [GET] <PlainResource  /task/traceback> -> <function SubprocessRouteTable._register_route.<locals>._wrapper.<locals>.parent_side_handler at 0xffff7cd3d080>
2026-06-29 08:16:52,977	INFO http_server_head.py:442 -- <ResourceRoute [GET] <PlainResource  /task/cpu_profile> -> <function SubprocessRouteTable._register_route.<locals>._wrapper.<locals>.parent_side_handler at 0xffff7cd3d1c0>
2026-06-29 08:16:52,977	INFO http_server_head.py:442 -- <ResourceRoute [GET] <PlainResource  /worker/traceback> -> <function SubprocessRouteTable._register_route.<locals>._wrapper.<locals>.parent_side_handler at 0xffff7cd3d300>
2026-06-29 08:16:52,977	INFO http_server_head.py:442 -- <ResourceRoute [GET] <PlainResource  /worker/cpu_profile> -> <function SubprocessRouteTable._register_route.<locals>._wrapper.<locals>.parent_side_handler at 0xffff7cd3d440>
2026-06-29 08:16:52,977	INFO http_server_head.py:442 -- <ResourceRoute [GET] <PlainResource  /worker/gpu_profile> -> <function SubprocessRouteTable._register_route.<locals>._wrapper.<locals>.parent_side_handler at 0xffff7cd3d580>
2026-06-29 08:16:52,977	INFO http_server_head.py:442 -- <ResourceRoute [GET] <PlainResource  /memory_profile> -> <function SubprocessRouteTable._register_route.<locals>._wrapper.<locals>.parent_side_handler at 0xffff7cd3d6c0>
2026-06-29 08:16:52,977	INFO http_server_head.py:442 -- <ResourceRoute [GET] <PlainResource  /api/gcs_healthz> -> <function SubprocessRouteTable._register_route.<locals>._wrapper.<locals>.parent_side_handler at 0xffff7cd3d800>
2026-06-29 08:16:52,978	INFO http_server_head.py:442 -- <ResourceRoute [GET] <PlainResource  /api/prometheus/sd> -> <function SubprocessRouteTable._register_route.<locals>._wrapper.<locals>.parent_side_handler at 0xffff7cd3d940>
2026-06-29 08:16:52,978	INFO http_server_head.py:442 -- <ResourceRoute [GET] <PlainResource  /api/ray/version> -> <function SubprocessRouteTable._register_route.<locals>._wrapper.<locals>.parent_side_handler at 0xffff7cd3e5c0>
2026-06-29 08:16:52,978	INFO http_server_head.py:442 -- <ResourceRoute [GET] <PlainResource  /api/serve/applications/> -> <function SubprocessRouteTable._register_route.<locals>._wrapper.<locals>.parent_side_handler at 0xffff7cd3e660>
2026-06-29 08:16:52,978	INFO http_server_head.py:442 -- <ResourceRoute [DELETE] <PlainResource  /api/serve/applications/> -> <function SubprocessRouteTable._register_route.<locals>._wrapper.<locals>.parent_side_handler at 0xffff7cd3e8e0>
2026-06-29 08:16:52,978	INFO http_server_head.py:442 -- <ResourceRoute [PUT] <PlainResource  /api/serve/applications/> -> <function SubprocessRouteTable._register_route.<locals>._wrapper.<locals>.parent_side_handler at 0xffff7cd3eac0>
2026-06-29 08:16:52,978	INFO http_server_head.py:442 -- <ResourceRoute [POST] <DynamicResource  /api/v1/applications/{application_name}/deployments/{deployment_name}/scale> -> <function SubprocessRouteTable._register_route.<locals>._wrapper.<locals>.parent_side_handler at 0xffff7cd3ede0>
2026-06-29 08:16:52,978	INFO http_server_head.py:442 -- <ResourceRoute [GET] <PlainResource  /api/v0/actors> -> <function SubprocessRouteTable._register_route.<locals>._wrapper.<locals>.parent_side_handler at 0xffff7cd3f7e0>
2026-06-29 08:16:52,978	INFO http_server_head.py:442 -- <ResourceRoute [GET] <PlainResource  /api/v0/jobs> -> <function SubprocessRouteTable._register_route.<locals>._wrapper.<locals>.parent_side_handler at 0xffff7cd3f9c0>
2026-06-29 08:16:52,978	INFO http_server_head.py:442 -- <ResourceRoute [GET] <PlainResource  /api/v0/nodes> -> <function SubprocessRouteTable._register_route.<locals>._wrapper.<locals>.parent_side_handler at 0xffff7cd3fba0>
2026-06-29 08:16:52,978	INFO http_server_head.py:442 -- <ResourceRoute [GET] <PlainResource  /api/v0/placement_groups> -> <function SubprocessRouteTable._register_route.<locals>._wrapper.<locals>.parent_side_handler at 0xffff7cd3fd80>
2026-06-29 08:16:52,978	INFO http_server_head.py:442 -- <ResourceRoute [GET] <PlainResource  /api/v0/workers> -> <function SubprocessRouteTable._register_route.<locals>._wrapper.<locals>.parent_side_handler at 0xffff7cd3ff60>
2026-06-29 08:16:52,978	INFO http_server_head.py:442 -- <ResourceRoute [GET] <PlainResource  /api/v0/tasks> -> <function SubprocessRouteTable._register_route.<locals>._wrapper.<locals>.parent_side_handler at 0xffff7cd50180>
2026-06-29 08:16:52,978	INFO http_server_head.py:442 -- <ResourceRoute [GET] <PlainResource  /api/v0/objects> -> <function SubprocessRouteTable._register_route.<locals>._wrapper.<locals>.parent_side_handler at 0xffff7cd50360>
2026-06-29 08:16:52,978	INFO http_server_head.py:442 -- <ResourceRoute [GET] <PlainResource  /api/v0/runtime_envs> -> <function SubprocessRouteTable._register_route.<locals>._wrapper.<locals>.parent_side_handler at 0xffff7cd50540>
2026-06-29 08:16:52,978	INFO http_server_head.py:442 -- <ResourceRoute [GET] <PlainResource  /api/v0/logs> -> <function SubprocessRouteTable._register_route.<locals>._wrapper.<locals>.parent_side_handler at 0xffff7cd50720>
2026-06-29 08:16:52,979	INFO http_server_head.py:442 -- <ResourceRoute [GET] <DynamicResource  /api/v0/logs/{media_type}> -> <function SubprocessRouteTable._register_route.<locals>._wrapper.<locals>.parent_side_handler at 0xffff7cd50900>
2026-06-29 08:16:52,979	INFO http_server_head.py:442 -- <ResourceRoute [GET] <PlainResource  /api/v0/tasks/summarize> -> <function SubprocessRouteTable._register_route.<locals>._wrapper.<locals>.parent_side_handler at 0xffff7cd50ae0>
2026-06-29 08:16:52,979	INFO http_server_head.py:442 -- <ResourceRoute [GET] <PlainResource  /api/v0/actors/summarize> -> <function SubprocessRouteTable._register_route.<locals>._wrapper.<locals>.parent_side_handler at 0xffff7cd50cc0>
2026-06-29 08:16:52,979	INFO http_server_head.py:442 -- <ResourceRoute [GET] <PlainResource  /api/v0/objects/summarize> -> <function SubprocessRouteTable._register_route.<locals>._wrapper.<locals>.parent_side_handler at 0xffff7cd50ea0>
2026-06-29 08:16:52,979	INFO http_server_head.py:442 -- <ResourceRoute [GET] <PlainResource  /api/v0/tasks/timeline> -> <function SubprocessRouteTable._register_route.<locals>._wrapper.<locals>.parent_side_handler at 0xffff7cd51080>
2026-06-29 08:16:52,979	INFO http_server_head.py:442 -- <ResourceRoute [GET] <DynamicResource  /api/v0/delay/{delay_s}> -> <function SubprocessRouteTable._register_route.<locals>._wrapper.<locals>.parent_side_handler at 0xffff7cd511c0>
2026-06-29 08:16:52,979	INFO http_server_head.py:442 -- <ResourceRoute [GET] <PlainResource  /api/train/v2/runs/v1> -> <function SubprocessRouteTable._register_route.<locals>._wrapper.<locals>.parent_side_handler at 0xffff7cd51b20>
2026-06-29 08:16:52,979	INFO http_server_head.py:442 -- <ResourceRoute [GET] <PlainResource  /api/train/v2/runs> -> <function SubprocessRouteTable._register_route.<locals>._wrapper.<locals>.parent_side_handler at 0xffff7cd51f80>
2026-06-29 08:16:52,979	INFO http_server_head.py:443 -- Registered 62 routes.
2026-06-29 08:16:52,979	INFO head.py:440 -- http server initialized at 172.19.0.4:8265
2026-06-29 08:16:55,057	INFO usage_stats_head.py:200 -- Usage reporting is disabled.
